Archive member included because of file (symbol)

/opt/local/lib/gcc/avr/4.9.1/avr51/libgcc.a(_divmodhi4.o)
                              stim_timer_skel.o (__divmodhi4)
/opt/local/lib/gcc/avr/4.9.1/avr51/libgcc.a(_udivmodsi4.o)
                              stim_timer_skel.o (__udivmodsi4)
/opt/local/lib/gcc/avr/4.9.1/avr51/libgcc.a(_exit.o)
                              /opt/local/lib/gcc/avr/4.9.1/../../../../avr/lib/avr51/crtm128.o (exit)
/opt/local/lib/gcc/avr/4.9.1/avr51/libgcc.a(_copy_data.o)
                              stim_timer_skel.o (__do_copy_data)
/opt/local/lib/gcc/avr/4.9.1/avr51/libgcc.a(_udivmodhi4.o)
                              /opt/local/lib/gcc/avr/4.9.1/avr51/libgcc.a(_divmodhi4.o) (__udivmodhi4)
/opt/local/lib/gcc/avr/4.9.1/../../../../avr/lib/avr51/libc.a(rand.o)
                              stim_timer_skel.o (rand)
/opt/local/lib/gcc/avr/4.9.1/avr51/libgcc.a(_muluhisi3.o)
                              /opt/local/lib/gcc/avr/4.9.1/../../../../avr/lib/avr51/libc.a(rand.o) (__muluhisi3)
/opt/local/lib/gcc/avr/4.9.1/avr51/libgcc.a(_mulshisi3.o)
                              /opt/local/lib/gcc/avr/4.9.1/../../../../avr/lib/avr51/libc.a(rand.o) (__mulohisi3)
/opt/local/lib/gcc/avr/4.9.1/avr51/libgcc.a(_divmodsi4.o)
                              /opt/local/lib/gcc/avr/4.9.1/../../../../avr/lib/avr51/libc.a(rand.o) (__divmodsi4)
/opt/local/lib/gcc/avr/4.9.1/avr51/libgcc.a(_negsi2.o)
                              /opt/local/lib/gcc/avr/4.9.1/avr51/libgcc.a(_divmodsi4.o) (__negsi2)
/opt/local/lib/gcc/avr/4.9.1/avr51/libgcc.a(_umulhisi3.o)
                              /opt/local/lib/gcc/avr/4.9.1/avr51/libgcc.a(_muluhisi3.o) (__umulhisi3)

Memory Configuration

Name             Origin             Length             Attributes
text             0x0000000000000000 0x0000000000020000 xr
data             0x0000000000800100 0x000000000000ff00 rw !x
eeprom           0x0000000000810000 0x0000000000010000 rw !x
fuse             0x0000000000820000 0x0000000000000400 rw !x
lock             0x0000000000830000 0x0000000000000400 rw !x
signature        0x0000000000840000 0x0000000000000400 rw !x
*default*        0x0000000000000000 0xffffffffffffffff

Linker script and memory map

Address of section .data set to 0x800100
LOAD /opt/local/lib/gcc/avr/4.9.1/../../../../avr/lib/avr51/crtm128.o
LOAD stim_timer_skel.o
START GROUP
LOAD /opt/local/lib/gcc/avr/4.9.1/avr51/libgcc.a
LOAD /opt/local/lib/gcc/avr/4.9.1/../../../../avr/lib/avr51/libm.a
LOAD /opt/local/lib/gcc/avr/4.9.1/../../../../avr/lib/avr51/libc.a
END GROUP

.hash
 *(.hash)

.dynsym
 *(.dynsym)

.dynstr
 *(.dynstr)

.gnu.version
 *(.gnu.version)

.gnu.version_d
 *(.gnu.version_d)

.gnu.version_r
 *(.gnu.version_r)

.rel.init
 *(.rel.init)

.rela.init
 *(.rela.init)

.rel.text
 *(.rel.text)
 *(.rel.text.*)
 *(.rel.gnu.linkonce.t*)

.rela.text
 *(.rela.text)
 *(.rela.text.*)
 *(.rela.gnu.linkonce.t*)

.rel.fini
 *(.rel.fini)

.rela.fini
 *(.rela.fini)

.rel.rodata
 *(.rel.rodata)
 *(.rel.rodata.*)
 *(.rel.gnu.linkonce.r*)

.rela.rodata
 *(.rela.rodata)
 *(.rela.rodata.*)
 *(.rela.gnu.linkonce.r*)

.rel.data
 *(.rel.data)
 *(.rel.data.*)
 *(.rel.gnu.linkonce.d*)

.rela.data
 *(.rela.data)
 *(.rela.data.*)
 *(.rela.gnu.linkonce.d*)

.rel.ctors
 *(.rel.ctors)

.rela.ctors
 *(.rela.ctors)

.rel.dtors
 *(.rel.dtors)

.rela.dtors
 *(.rela.dtors)

.rel.got
 *(.rel.got)

.rela.got
 *(.rela.got)

.rel.bss
 *(.rel.bss)

.rela.bss
 *(.rela.bss)

.rel.plt
 *(.rel.plt)

.rela.plt
 *(.rela.plt)

.text           0x0000000000000000      0x498
 *(.vectors)
 .vectors       0x0000000000000000       0x8c /opt/local/lib/gcc/avr/4.9.1/../../../../avr/lib/avr51/crtm128.o
                0x0000000000000000                __vectors
                0x0000000000000000                __vector_default
 *(.vectors)
 *(.progmem.gcc*)
                0x000000000000008c                . = ALIGN (0x2)
                0x000000000000008c                __trampolines_start = .
 *(.trampolines)
 .trampolines   0x000000000000008c        0x0 linker stubs
 *(.trampolines*)
                0x000000000000008c                __trampolines_end = .
 *(.progmem*)
                0x000000000000008c                . = ALIGN (0x2)
 *(.jumptables)
 *(.jumptables*)
 *(.lowtext)
 *(.lowtext*)
                0x000000000000008c                __ctors_start = .
 *(.ctors)
                0x000000000000008c                __ctors_end = .
                0x000000000000008c                __dtors_start = .
 *(.dtors)
                0x000000000000008c                __dtors_end = .
 SORT(*)(.ctors)
 SORT(*)(.dtors)
 *(.init0)
 .init0         0x000000000000008c        0x0 /opt/local/lib/gcc/avr/4.9.1/../../../../avr/lib/avr51/crtm128.o
                0x000000000000008c                __init
 *(.init0)
 *(.init1)
 *(.init1)
 *(.init2)
 .init2         0x000000000000008c        0xc /opt/local/lib/gcc/avr/4.9.1/../../../../avr/lib/avr51/crtm128.o
 *(.init2)
 *(.init3)
 *(.init3)
 *(.init4)
 .init4         0x0000000000000098       0x1a /opt/local/lib/gcc/avr/4.9.1/avr51/libgcc.a(_copy_data.o)
                0x0000000000000098                __do_copy_data
 *(.init4)
 *(.init5)
 *(.init5)
 *(.init6)
 *(.init6)
 *(.init7)
 *(.init7)
 *(.init8)
 *(.init8)
 *(.init9)
 .init9         0x00000000000000b2        0x8 /opt/local/lib/gcc/avr/4.9.1/../../../../avr/lib/avr51/crtm128.o
 *(.init9)
 *(.text)
 .text          0x00000000000000ba        0x4 /opt/local/lib/gcc/avr/4.9.1/../../../../avr/lib/avr51/crtm128.o
                0x00000000000000ba                __vector_20
                0x00000000000000ba                __vector_28
                0x00000000000000ba                __vector_1
                0x00000000000000ba                __vector_32
                0x00000000000000ba                __vector_34
                0x00000000000000ba                __vector_24
                0x00000000000000ba                __vector_12
                0x00000000000000ba                __bad_interrupt
                0x00000000000000ba                __vector_6
                0x00000000000000ba                __vector_31
                0x00000000000000ba                __vector_3
                0x00000000000000ba                __vector_23
                0x00000000000000ba                __vector_30
                0x00000000000000ba                __vector_25
                0x00000000000000ba                __vector_11
                0x00000000000000ba                __vector_13
                0x00000000000000ba                __vector_17
                0x00000000000000ba                __vector_19
                0x00000000000000ba                __vector_7
                0x00000000000000ba                __vector_27
                0x00000000000000ba                __vector_5
                0x00000000000000ba                __vector_33
                0x00000000000000ba                __vector_4
                0x00000000000000ba                __vector_9
                0x00000000000000ba                __vector_2
                0x00000000000000ba                __vector_21
                0x00000000000000ba                __vector_15
                0x00000000000000ba                __vector_29
                0x00000000000000ba                __vector_8
                0x00000000000000ba                __vector_26
                0x00000000000000ba                __vector_14
                0x00000000000000ba                __vector_10
                0x00000000000000ba                __vector_16
                0x00000000000000ba                __vector_18
                0x00000000000000ba                __vector_22
 .text          0x00000000000000be        0x0 stim_timer_skel.o
 .text          0x00000000000000be        0x0 /opt/local/lib/gcc/avr/4.9.1/avr51/libgcc.a(_divmodhi4.o)
 .text          0x00000000000000be        0x0 /opt/local/lib/gcc/avr/4.9.1/avr51/libgcc.a(_udivmodsi4.o)
 .text          0x00000000000000be        0x0 /opt/local/lib/gcc/avr/4.9.1/avr51/libgcc.a(_exit.o)
 .text          0x00000000000000be        0x0 /opt/local/lib/gcc/avr/4.9.1/avr51/libgcc.a(_copy_data.o)
 .text          0x00000000000000be        0x0 /opt/local/lib/gcc/avr/4.9.1/avr51/libgcc.a(_udivmodhi4.o)
 .text          0x00000000000000be        0x0 /opt/local/lib/gcc/avr/4.9.1/../../../../avr/lib/avr51/libc.a(rand.o)
 .text          0x00000000000000be        0x0 /opt/local/lib/gcc/avr/4.9.1/avr51/libgcc.a(_muluhisi3.o)
 .text          0x00000000000000be        0x0 /opt/local/lib/gcc/avr/4.9.1/avr51/libgcc.a(_mulshisi3.o)
 .text          0x00000000000000be        0x0 /opt/local/lib/gcc/avr/4.9.1/avr51/libgcc.a(_divmodsi4.o)
 .text          0x00000000000000be        0x0 /opt/local/lib/gcc/avr/4.9.1/avr51/libgcc.a(_negsi2.o)
 .text          0x00000000000000be        0x0 /opt/local/lib/gcc/avr/4.9.1/avr51/libgcc.a(_umulhisi3.o)
                0x00000000000000be                . = ALIGN (0x2)
 *(.text.*)
 .text.startup  0x00000000000000be      0x20c stim_timer_skel.o
                0x00000000000000be                main
 .text.libgcc.mul
                0x00000000000002ca        0x0 /opt/local/lib/gcc/avr/4.9.1/avr51/libgcc.a(_divmodhi4.o)
 .text.libgcc.div
                0x00000000000002ca       0x28 /opt/local/lib/gcc/avr/4.9.1/avr51/libgcc.a(_divmodhi4.o)
                0x00000000000002ca                __divmodhi4
                0x00000000000002ca                _div
 .text.libgcc   0x00000000000002f2        0x0 /opt/local/lib/gcc/avr/4.9.1/avr51/libgcc.a(_divmodhi4.o)
 .text.libgcc.prologue
                0x00000000000002f2        0x0 /opt/local/lib/gcc/avr/4.9.1/avr51/libgcc.a(_divmodhi4.o)
 .text.libgcc.builtins
                0x00000000000002f2        0x0 /opt/local/lib/gcc/avr/4.9.1/avr51/libgcc.a(_divmodhi4.o)
 .text.libgcc.fmul
                0x00000000000002f2        0x0 /opt/local/lib/gcc/avr/4.9.1/avr51/libgcc.a(_divmodhi4.o)
 .text.libgcc.fixed
                0x00000000000002f2        0x0 /opt/local/lib/gcc/avr/4.9.1/avr51/libgcc.a(_divmodhi4.o)
 .text.libgcc.mul
                0x00000000000002f2        0x0 /opt/local/lib/gcc/avr/4.9.1/avr51/libgcc.a(_udivmodsi4.o)
 .text.libgcc.div
                0x00000000000002f2       0x44 /opt/local/lib/gcc/avr/4.9.1/avr51/libgcc.a(_udivmodsi4.o)
                0x00000000000002f2                __udivmodsi4
 .text.libgcc   0x0000000000000336        0x0 /opt/local/lib/gcc/avr/4.9.1/avr51/libgcc.a(_udivmodsi4.o)
 .text.libgcc.prologue
                0x0000000000000336        0x0 /opt/local/lib/gcc/avr/4.9.1/avr51/libgcc.a(_udivmodsi4.o)
 .text.libgcc.builtins
                0x0000000000000336        0x0 /opt/local/lib/gcc/avr/4.9.1/avr51/libgcc.a(_udivmodsi4.o)
 .text.libgcc.fmul
                0x0000000000000336        0x0 /opt/local/lib/gcc/avr/4.9.1/avr51/libgcc.a(_udivmodsi4.o)
 .text.libgcc.fixed
                0x0000000000000336        0x0 /opt/local/lib/gcc/avr/4.9.1/avr51/libgcc.a(_udivmodsi4.o)
 .text.libgcc.mul
                0x0000000000000336        0x0 /opt/local/lib/gcc/avr/4.9.1/avr51/libgcc.a(_exit.o)
 .text.libgcc.div
                0x0000000000000336        0x0 /opt/local/lib/gcc/avr/4.9.1/avr51/libgcc.a(_exit.o)
 .text.libgcc   0x0000000000000336        0x0 /opt/local/lib/gcc/avr/4.9.1/avr51/libgcc.a(_exit.o)
 .text.libgcc.prologue
                0x0000000000000336        0x0 /opt/local/lib/gcc/avr/4.9.1/avr51/libgcc.a(_exit.o)
 .text.libgcc.builtins
                0x0000000000000336        0x0 /opt/local/lib/gcc/avr/4.9.1/avr51/libgcc.a(_exit.o)
 .text.libgcc.fmul
                0x0000000000000336        0x0 /opt/local/lib/gcc/avr/4.9.1/avr51/libgcc.a(_exit.o)
 .text.libgcc.fixed
                0x0000000000000336        0x0 /opt/local/lib/gcc/avr/4.9.1/avr51/libgcc.a(_exit.o)
 .text.libgcc.mul
                0x0000000000000336        0x0 /opt/local/lib/gcc/avr/4.9.1/avr51/libgcc.a(_copy_data.o)
 .text.libgcc.div
                0x0000000000000336        0x0 /opt/local/lib/gcc/avr/4.9.1/avr51/libgcc.a(_copy_data.o)
 .text.libgcc   0x0000000000000336        0x0 /opt/local/lib/gcc/avr/4.9.1/avr51/libgcc.a(_copy_data.o)
 .text.libgcc.prologue
                0x0000000000000336        0x0 /opt/local/lib/gcc/avr/4.9.1/avr51/libgcc.a(_copy_data.o)
 .text.libgcc.builtins
                0x0000000000000336        0x0 /opt/local/lib/gcc/avr/4.9.1/avr51/libgcc.a(_copy_data.o)
 .text.libgcc.fmul
                0x0000000000000336        0x0 /opt/local/lib/gcc/avr/4.9.1/avr51/libgcc.a(_copy_data.o)
 .text.libgcc.fixed
                0x0000000000000336        0x0 /opt/local/lib/gcc/avr/4.9.1/avr51/libgcc.a(_copy_data.o)
 .text.libgcc.mul
                0x0000000000000336        0x0 /opt/local/lib/gcc/avr/4.9.1/avr51/libgcc.a(_udivmodhi4.o)
 .text.libgcc.div
                0x0000000000000336       0x28 /opt/local/lib/gcc/avr/4.9.1/avr51/libgcc.a(_udivmodhi4.o)
                0x0000000000000336                __udivmodhi4
 .text.libgcc   0x000000000000035e        0x0 /opt/local/lib/gcc/avr/4.9.1/avr51/libgcc.a(_udivmodhi4.o)
 .text.libgcc.prologue
                0x000000000000035e        0x0 /opt/local/lib/gcc/avr/4.9.1/avr51/libgcc.a(_udivmodhi4.o)
 .text.libgcc.builtins
                0x000000000000035e        0x0 /opt/local/lib/gcc/avr/4.9.1/avr51/libgcc.a(_udivmodhi4.o)
 .text.libgcc.fmul
                0x000000000000035e        0x0 /opt/local/lib/gcc/avr/4.9.1/avr51/libgcc.a(_udivmodhi4.o)
 .text.libgcc.fixed
                0x000000000000035e        0x0 /opt/local/lib/gcc/avr/4.9.1/avr51/libgcc.a(_udivmodhi4.o)
 .text.avr-libc
                0x000000000000035e       0xb4 /opt/local/lib/gcc/avr/4.9.1/../../../../avr/lib/avr51/libc.a(rand.o)
                0x00000000000003f0                rand_r
                0x00000000000003f4                rand
                0x00000000000003fc                srand
 .text.libgcc.mul
                0x0000000000000412       0x16 /opt/local/lib/gcc/avr/4.9.1/avr51/libgcc.a(_muluhisi3.o)
                0x0000000000000412                __muluhisi3
 .text.libgcc.div
                0x0000000000000428        0x0 /opt/local/lib/gcc/avr/4.9.1/avr51/libgcc.a(_muluhisi3.o)
 .text.libgcc   0x0000000000000428        0x0 /opt/local/lib/gcc/avr/4.9.1/avr51/libgcc.a(_muluhisi3.o)
 .text.libgcc.prologue
                0x0000000000000428        0x0 /opt/local/lib/gcc/avr/4.9.1/avr51/libgcc.a(_muluhisi3.o)
 .text.libgcc.builtins
                0x0000000000000428        0x0 /opt/local/lib/gcc/avr/4.9.1/avr51/libgcc.a(_muluhisi3.o)
 .text.libgcc.fmul
                0x0000000000000428        0x0 /opt/local/lib/gcc/avr/4.9.1/avr51/libgcc.a(_muluhisi3.o)
 .text.libgcc.fixed
                0x0000000000000428        0x0 /opt/local/lib/gcc/avr/4.9.1/avr51/libgcc.a(_muluhisi3.o)
 .text.libgcc.mul
                0x0000000000000428       0x10 /opt/local/lib/gcc/avr/4.9.1/avr51/libgcc.a(_mulshisi3.o)
                0x0000000000000428                __mulshisi3
                0x000000000000042e                __mulohisi3
 .text.libgcc.div
                0x0000000000000438        0x0 /opt/local/lib/gcc/avr/4.9.1/avr51/libgcc.a(_mulshisi3.o)
 .text.libgcc   0x0000000000000438        0x0 /opt/local/lib/gcc/avr/4.9.1/avr51/libgcc.a(_mulshisi3.o)
 .text.libgcc.prologue
                0x0000000000000438        0x0 /opt/local/lib/gcc/avr/4.9.1/avr51/libgcc.a(_mulshisi3.o)
 .text.libgcc.builtins
                0x0000000000000438        0x0 /opt/local/lib/gcc/avr/4.9.1/avr51/libgcc.a(_mulshisi3.o)
 .text.libgcc.fmul
                0x0000000000000438        0x0 /opt/local/lib/gcc/avr/4.9.1/avr51/libgcc.a(_mulshisi3.o)
 .text.libgcc.fixed
                0x0000000000000438        0x0 /opt/local/lib/gcc/avr/4.9.1/avr51/libgcc.a(_mulshisi3.o)
 .text.libgcc.mul
                0x0000000000000438        0x0 /opt/local/lib/gcc/avr/4.9.1/avr51/libgcc.a(_divmodsi4.o)
 .text.libgcc.div
                0x0000000000000438       0x2e /opt/local/lib/gcc/avr/4.9.1/avr51/libgcc.a(_divmodsi4.o)
                0x0000000000000438                __divmodsi4
 .text.libgcc   0x0000000000000466        0x0 /opt/local/lib/gcc/avr/4.9.1/avr51/libgcc.a(_divmodsi4.o)
 .text.libgcc.prologue
                0x0000000000000466        0x0 /opt/local/lib/gcc/avr/4.9.1/avr51/libgcc.a(_divmodsi4.o)
 .text.libgcc.builtins
                0x0000000000000466        0x0 /opt/local/lib/gcc/avr/4.9.1/avr51/libgcc.a(_divmodsi4.o)
 .text.libgcc.fmul
                0x0000000000000466        0x0 /opt/local/lib/gcc/avr/4.9.1/avr51/libgcc.a(_divmodsi4.o)
 .text.libgcc.fixed
                0x0000000000000466        0x0 /opt/local/lib/gcc/avr/4.9.1/avr51/libgcc.a(_divmodsi4.o)
 .text.libgcc.mul
                0x0000000000000466        0x0 /opt/local/lib/gcc/avr/4.9.1/avr51/libgcc.a(_negsi2.o)
 .text.libgcc.div
                0x0000000000000466       0x10 /opt/local/lib/gcc/avr/4.9.1/avr51/libgcc.a(_negsi2.o)
                0x0000000000000466                __negsi2
 .text.libgcc   0x0000000000000476        0x0 /opt/local/lib/gcc/avr/4.9.1/avr51/libgcc.a(_negsi2.o)
 .text.libgcc.prologue
                0x0000000000000476        0x0 /opt/local/lib/gcc/avr/4.9.1/avr51/libgcc.a(_negsi2.o)
 .text.libgcc.builtins
                0x0000000000000476        0x0 /opt/local/lib/gcc/avr/4.9.1/avr51/libgcc.a(_negsi2.o)
 .text.libgcc.fmul
                0x0000000000000476        0x0 /opt/local/lib/gcc/avr/4.9.1/avr51/libgcc.a(_negsi2.o)
 .text.libgcc.fixed
                0x0000000000000476        0x0 /opt/local/lib/gcc/avr/4.9.1/avr51/libgcc.a(_negsi2.o)
 .text.libgcc.mul
                0x0000000000000476       0x1e /opt/local/lib/gcc/avr/4.9.1/avr51/libgcc.a(_umulhisi3.o)
                0x0000000000000476                __umulhisi3
 .text.libgcc.div
                0x0000000000000494        0x0 /opt/local/lib/gcc/avr/4.9.1/avr51/libgcc.a(_umulhisi3.o)
 .text.libgcc   0x0000000000000494        0x0 /opt/local/lib/gcc/avr/4.9.1/avr51/libgcc.a(_umulhisi3.o)
 .text.libgcc.prologue
                0x0000000000000494        0x0 /opt/local/lib/gcc/avr/4.9.1/avr51/libgcc.a(_umulhisi3.o)
 .text.libgcc.builtins
                0x0000000000000494        0x0 /opt/local/lib/gcc/avr/4.9.1/avr51/libgcc.a(_umulhisi3.o)
 .text.libgcc.fmul
                0x0000000000000494        0x0 /opt/local/lib/gcc/avr/4.9.1/avr51/libgcc.a(_umulhisi3.o)
 .text.libgcc.fixed
                0x0000000000000494        0x0 /opt/local/lib/gcc/avr/4.9.1/avr51/libgcc.a(_umulhisi3.o)
                0x0000000000000494                . = ALIGN (0x2)
 *(.fini9)
 .fini9         0x0000000000000494        0x0 /opt/local/lib/gcc/avr/4.9.1/avr51/libgcc.a(_exit.o)
                0x0000000000000494                exit
                0x0000000000000494                _exit
 *(.fini9)
 *(.fini8)
 *(.fini8)
 *(.fini7)
 *(.fini7)
 *(.fini6)
 *(.fini6)
 *(.fini5)
 *(.fini5)
 *(.fini4)
 *(.fini4)
 *(.fini3)
 *(.fini3)
 *(.fini2)
 *(.fini2)
 *(.fini1)
 *(.fini1)
 *(.fini0)
 .fini0         0x0000000000000494        0x4 /opt/local/lib/gcc/avr/4.9.1/avr51/libgcc.a(_exit.o)
 *(.fini0)
                0x0000000000000498                _etext = .

.data           0x0000000000800100       0x78 load address 0x0000000000000498
                0x0000000000800100                PROVIDE (__data_start, .)
 *(.data)
 .data          0x0000000000800100        0x0 /opt/local/lib/gcc/avr/4.9.1/../../../../avr/lib/avr51/crtm128.o
 .data          0x0000000000800100        0x0 stim_timer_skel.o
 .data          0x0000000000800100        0x0 /opt/local/lib/gcc/avr/4.9.1/avr51/libgcc.a(_divmodhi4.o)
 .data          0x0000000000800100        0x0 /opt/local/lib/gcc/avr/4.9.1/avr51/libgcc.a(_udivmodsi4.o)
 .data          0x0000000000800100        0x0 /opt/local/lib/gcc/avr/4.9.1/avr51/libgcc.a(_exit.o)
 .data          0x0000000000800100        0x0 /opt/local/lib/gcc/avr/4.9.1/avr51/libgcc.a(_copy_data.o)
 .data          0x0000000000800100        0x0 /opt/local/lib/gcc/avr/4.9.1/avr51/libgcc.a(_udivmodhi4.o)
 .data          0x0000000000800100        0x4 /opt/local/lib/gcc/avr/4.9.1/../../../../avr/lib/avr51/libc.a(rand.o)
 .data          0x0000000000800104        0x0 /opt/local/lib/gcc/avr/4.9.1/avr51/libgcc.a(_muluhisi3.o)
 .data          0x0000000000800104        0x0 /opt/local/lib/gcc/avr/4.9.1/avr51/libgcc.a(_mulshisi3.o)
 .data          0x0000000000800104        0x0 /opt/local/lib/gcc/avr/4.9.1/avr51/libgcc.a(_divmodsi4.o)
 .data          0x0000000000800104        0x0 /opt/local/lib/gcc/avr/4.9.1/avr51/libgcc.a(_negsi2.o)
 .data          0x0000000000800104        0x0 /opt/local/lib/gcc/avr/4.9.1/avr51/libgcc.a(_umulhisi3.o)
 *(.data*)
 *(.rodata)
 *(.rodata*)
 .rodata.str1.1
                0x0000000000800104       0x74 stim_timer_skel.o
 *(.gnu.linkonce.d*)
                0x0000000000800178                . = ALIGN (0x2)
                0x0000000000800178                _edata = .
                0x0000000000800178                PROVIDE (__data_end, .)

.bss            0x0000000000800178        0x0
                0x0000000000800178                PROVIDE (__bss_start, .)
 *(.bss)
 .bss           0x0000000000800178        0x0 /opt/local/lib/gcc/avr/4.9.1/../../../../avr/lib/avr51/crtm128.o
 .bss           0x0000000000800178        0x0 stim_timer_skel.o
 .bss           0x0000000000800178        0x0 /opt/local/lib/gcc/avr/4.9.1/avr51/libgcc.a(_divmodhi4.o)
 .bss           0x0000000000800178        0x0 /opt/local/lib/gcc/avr/4.9.1/avr51/libgcc.a(_udivmodsi4.o)
 .bss           0x0000000000800178        0x0 /opt/local/lib/gcc/avr/4.9.1/avr51/libgcc.a(_exit.o)
 .bss           0x0000000000800178        0x0 /opt/local/lib/gcc/avr/4.9.1/avr51/libgcc.a(_copy_data.o)
 .bss           0x0000000000800178        0x0 /opt/local/lib/gcc/avr/4.9.1/avr51/libgcc.a(_udivmodhi4.o)
 .bss           0x0000000000800178        0x0 /opt/local/lib/gcc/avr/4.9.1/../../../../avr/lib/avr51/libc.a(rand.o)
 .bss           0x0000000000800178        0x0 /opt/local/lib/gcc/avr/4.9.1/avr51/libgcc.a(_muluhisi3.o)
 .bss           0x0000000000800178        0x0 /opt/local/lib/gcc/avr/4.9.1/avr51/libgcc.a(_mulshisi3.o)
 .bss           0x0000000000800178        0x0 /opt/local/lib/gcc/avr/4.9.1/avr51/libgcc.a(_divmodsi4.o)
 .bss           0x0000000000800178        0x0 /opt/local/lib/gcc/avr/4.9.1/avr51/libgcc.a(_negsi2.o)
 .bss           0x0000000000800178        0x0 /opt/local/lib/gcc/avr/4.9.1/avr51/libgcc.a(_umulhisi3.o)
 *(.bss*)
 *(COMMON)
                0x0000000000800178                PROVIDE (__bss_end, .)
                0x0000000000000498                __data_load_start = LOADADDR (.data)
                0x0000000000000510                __data_load_end = (__data_load_start + SIZEOF (.data))

.noinit         0x0000000000800178        0x0
                0x0000000000800178                PROVIDE (__noinit_start, .)
 *(.noinit*)
                0x0000000000800178                PROVIDE (__noinit_end, .)
                0x0000000000800178                _end = .
                0x0000000000800178                PROVIDE (__heap_start, .)

.eeprom         0x0000000000810000        0x0
 *(.eeprom*)
                0x0000000000810000                __eeprom_end = .

.fuse
 *(.fuse)
 *(.lfuse)
 *(.hfuse)
 *(.efuse)

.lock
 *(.lock*)

.signature
 *(.signature*)

.stab           0x0000000000000000     0x1368
 *(.stab)
 .stab          0x0000000000000000      0x900 stim_timer_skel.o
 .stab          0x0000000000000900      0x138 /opt/local/lib/gcc/avr/4.9.1/avr51/libgcc.a(_divmodhi4.o)
                                        0x144 (size before relaxing)
 .stab          0x0000000000000a38      0x228 /opt/local/lib/gcc/avr/4.9.1/avr51/libgcc.a(_udivmodsi4.o)
                                        0x234 (size before relaxing)
 .stab          0x0000000000000c60       0x6c /opt/local/lib/gcc/avr/4.9.1/avr51/libgcc.a(_exit.o)
                                         0x78 (size before relaxing)
 .stab          0x0000000000000ccc       0xf0 /opt/local/lib/gcc/avr/4.9.1/avr51/libgcc.a(_copy_data.o)
                                         0xfc (size before relaxing)
 .stab          0x0000000000000dbc      0x15c /opt/local/lib/gcc/avr/4.9.1/avr51/libgcc.a(_udivmodhi4.o)
                                        0x168 (size before relaxing)
 .stab          0x0000000000000f18       0xcc /opt/local/lib/gcc/avr/4.9.1/avr51/libgcc.a(_muluhisi3.o)
                                         0xd8 (size before relaxing)
 .stab          0x0000000000000fe4       0xcc /opt/local/lib/gcc/avr/4.9.1/avr51/libgcc.a(_mulshisi3.o)
                                         0xd8 (size before relaxing)
 .stab          0x00000000000010b0      0x144 /opt/local/lib/gcc/avr/4.9.1/avr51/libgcc.a(_divmodsi4.o)
                                        0x150 (size before relaxing)
 .stab          0x00000000000011f4       0x6c /opt/local/lib/gcc/avr/4.9.1/avr51/libgcc.a(_negsi2.o)
                                         0x78 (size before relaxing)
 .stab          0x0000000000001260      0x108 /opt/local/lib/gcc/avr/4.9.1/avr51/libgcc.a(_umulhisi3.o)
                                        0x114 (size before relaxing)

.stabstr        0x0000000000000000      0xe8e
 *(.stabstr)
 .stabstr       0x0000000000000000      0xe8e stim_timer_skel.o

.stab.excl
 *(.stab.excl)

.stab.exclstr
 *(.stab.exclstr)

.stab.index
 *(.stab.index)

.stab.indexstr
 *(.stab.indexstr)

.comment        0x0000000000000000       0x11
 *(.comment)
 .comment       0x0000000000000000       0x11 stim_timer_skel.o
                                         0x12 (size before relaxing)
 .comment       0x0000000000000000       0x12 /opt/local/lib/gcc/avr/4.9.1/../../../../avr/lib/avr51/libc.a(rand.o)

.note.gnu.build-id
 *(.note.gnu.build-id)

.debug
 *(.debug)

.line
 *(.line)

.debug_srcinfo
 *(.debug_srcinfo)

.debug_sfnames
 *(.debug_sfnames)

.debug_aranges
 *(.debug_aranges)

.debug_pubnames
 *(.debug_pubnames)

.debug_info     0x0000000000000000      0x780
 *(.debug_info .gnu.linkonce.wi.*)
 .debug_info    0x0000000000000000      0x780 /opt/local/lib/gcc/avr/4.9.1/../../../../avr/lib/avr51/crtm128.o

.debug_abbrev   0x0000000000000000      0x718
 *(.debug_abbrev)
 .debug_abbrev  0x0000000000000000      0x718 /opt/local/lib/gcc/avr/4.9.1/../../../../avr/lib/avr51/crtm128.o

.debug_line     0x0000000000000000       0x1d
 *(.debug_line .debug_line.* .debug_line_end)
 .debug_line    0x0000000000000000       0x1d /opt/local/lib/gcc/avr/4.9.1/../../../../avr/lib/avr51/crtm128.o

.debug_frame
 *(.debug_frame)

.debug_str      0x0000000000000000      0x27d
 *(.debug_str)
 .debug_str     0x0000000000000000      0x27d /opt/local/lib/gcc/avr/4.9.1/../../../../avr/lib/avr51/crtm128.o

.debug_loc
 *(.debug_loc)

.debug_macinfo
 *(.debug_macinfo)

.debug_weaknames
 *(.debug_weaknames)

.debug_funcnames
 *(.debug_funcnames)

.debug_typenames
 *(.debug_typenames)

.debug_varnames
 *(.debug_varnames)

.debug_pubtypes
 *(.debug_pubtypes)

.debug_ranges
 *(.debug_ranges)

.debug_macro
 *(.debug_macro)
OUTPUT(stim_timer_skel.elf elf32-avr)
LOAD linker stubs
