Archive member included because of file (symbol)

/opt/local/lib/gcc/avr/4.9.1/avr51/libgcc.a(_exit.o)
                              /opt/local/lib/gcc/avr/4.9.1/../../../../avr/lib/avr51/crtm128.o (exit)
/opt/local/lib/gcc/avr/4.9.1/avr51/libgcc.a(_clear_bss.o)
                              LCDDriver.o (__do_clear_bss)

Allocating common symbols
Common symbol       size              file

lcd_str             0x10              LCDDriver.o

Memory Configuration

Name             Origin             Length             Attributes
text             0x0000000000000000 0x0000000000020000 xr
data             0x0000000000800100 0x000000000000ff00 rw !x
eeprom           0x0000000000810000 0x0000000000010000 rw !x
fuse             0x0000000000820000 0x0000000000000400 rw !x
lock             0x0000000000830000 0x0000000000000400 rw !x
signature        0x0000000000840000 0x0000000000000400 rw !x
*default*        0x0000000000000000 0xffffffffffffffff

Linker script and memory map

Address of section .data set to 0x800100
LOAD /opt/local/lib/gcc/avr/4.9.1/../../../../avr/lib/avr51/crtm128.o
LOAD test.o
LOAD LCDDriver.o
START GROUP
LOAD /opt/local/lib/gcc/avr/4.9.1/avr51/libgcc.a
LOAD /opt/local/lib/gcc/avr/4.9.1/../../../../avr/lib/avr51/libm.a
LOAD /opt/local/lib/gcc/avr/4.9.1/../../../../avr/lib/avr51/libc.a
END GROUP

.hash
 *(.hash)

.dynsym
 *(.dynsym)

.dynstr
 *(.dynstr)

.gnu.version
 *(.gnu.version)

.gnu.version_d
 *(.gnu.version_d)

.gnu.version_r
 *(.gnu.version_r)

.rel.init
 *(.rel.init)

.rela.init
 *(.rela.init)

.rel.text
 *(.rel.text)
 *(.rel.text.*)
 *(.rel.gnu.linkonce.t*)

.rela.text
 *(.rela.text)
 *(.rela.text.*)
 *(.rela.gnu.linkonce.t*)

.rel.fini
 *(.rel.fini)

.rela.fini
 *(.rela.fini)

.rel.rodata
 *(.rel.rodata)
 *(.rel.rodata.*)
 *(.rel.gnu.linkonce.r*)

.rela.rodata
 *(.rela.rodata)
 *(.rela.rodata.*)
 *(.rela.gnu.linkonce.r*)

.rel.data
 *(.rel.data)
 *(.rel.data.*)
 *(.rel.gnu.linkonce.d*)

.rela.data
 *(.rela.data)
 *(.rela.data.*)
 *(.rela.gnu.linkonce.d*)

.rel.ctors
 *(.rel.ctors)

.rela.ctors
 *(.rela.ctors)

.rel.dtors
 *(.rel.dtors)

.rela.dtors
 *(.rela.dtors)

.rel.got
 *(.rel.got)

.rela.got
 *(.rela.got)

.rel.bss
 *(.rel.bss)

.rela.bss
 *(.rela.bss)

.rel.plt
 *(.rel.plt)

.rela.plt
 *(.rela.plt)

.text           0x0000000000000000      0x876
 *(.vectors)
 .vectors       0x0000000000000000       0x8c /opt/local/lib/gcc/avr/4.9.1/../../../../avr/lib/avr51/crtm128.o
                0x0000000000000000                __vectors
                0x0000000000000000                __vector_default
 *(.vectors)
 *(.progmem.gcc*)
                0x000000000000008c                . = ALIGN (0x2)
                0x000000000000008c                __trampolines_start = .
 *(.trampolines)
 .trampolines   0x000000000000008c        0x0 linker stubs
 *(.trampolines*)
                0x000000000000008c                __trampolines_end = .
 *(.progmem*)
                0x000000000000008c                . = ALIGN (0x2)
 *(.jumptables)
 *(.jumptables*)
 *(.lowtext)
 *(.lowtext*)
                0x000000000000008c                __ctors_start = .
 *(.ctors)
                0x000000000000008c                __ctors_end = .
                0x000000000000008c                __dtors_start = .
 *(.dtors)
                0x000000000000008c                __dtors_end = .
 SORT(*)(.ctors)
 SORT(*)(.dtors)
 *(.init0)
 .init0         0x000000000000008c        0x0 /opt/local/lib/gcc/avr/4.9.1/../../../../avr/lib/avr51/crtm128.o
                0x000000000000008c                __init
 *(.init0)
 *(.init1)
 *(.init1)
 *(.init2)
 .init2         0x000000000000008c        0xc /opt/local/lib/gcc/avr/4.9.1/../../../../avr/lib/avr51/crtm128.o
 *(.init2)
 *(.init3)
 *(.init3)
 *(.init4)
 .init4         0x0000000000000098       0x10 /opt/local/lib/gcc/avr/4.9.1/avr51/libgcc.a(_clear_bss.o)
                0x0000000000000098                __do_clear_bss
 *(.init4)
 *(.init5)
 *(.init5)
 *(.init6)
 *(.init6)
 *(.init7)
 *(.init7)
 *(.init8)
 *(.init8)
 *(.init9)
 .init9         0x00000000000000a8        0x8 /opt/local/lib/gcc/avr/4.9.1/../../../../avr/lib/avr51/crtm128.o
 *(.init9)
 *(.text)
 .text          0x00000000000000b0        0x4 /opt/local/lib/gcc/avr/4.9.1/../../../../avr/lib/avr51/crtm128.o
                0x00000000000000b0                __vector_20
                0x00000000000000b0                __vector_28
                0x00000000000000b0                __vector_1
                0x00000000000000b0                __vector_32
                0x00000000000000b0                __vector_34
                0x00000000000000b0                __vector_24
                0x00000000000000b0                __bad_interrupt
                0x00000000000000b0                __vector_6
                0x00000000000000b0                __vector_31
                0x00000000000000b0                __vector_3
                0x00000000000000b0                __vector_23
                0x00000000000000b0                __vector_30
                0x00000000000000b0                __vector_25
                0x00000000000000b0                __vector_11
                0x00000000000000b0                __vector_13
                0x00000000000000b0                __vector_17
                0x00000000000000b0                __vector_19
                0x00000000000000b0                __vector_7
                0x00000000000000b0                __vector_27
                0x00000000000000b0                __vector_5
                0x00000000000000b0                __vector_33
                0x00000000000000b0                __vector_4
                0x00000000000000b0                __vector_9
                0x00000000000000b0                __vector_2
                0x00000000000000b0                __vector_21
                0x00000000000000b0                __vector_15
                0x00000000000000b0                __vector_29
                0x00000000000000b0                __vector_8
                0x00000000000000b0                __vector_26
                0x00000000000000b0                __vector_14
                0x00000000000000b0                __vector_10
                0x00000000000000b0                __vector_16
                0x00000000000000b0                __vector_18
                0x00000000000000b0                __vector_22
 .text          0x00000000000000b4       0x1e test.o
                0x00000000000000b4                __vector_12
 .text          0x00000000000000d2      0x77e LCDDriver.o
                0x00000000000000d2                strobe_lcd
                0x00000000000000e4                LCD_Clr
                0x0000000000000120                LCD_MovCursorLn1
                0x0000000000000150                LCD_MovCursorLn2
                0x0000000000000180                LCD_CursorBlinkOn
                0x00000000000001b0                LCD_CursorBlinkOff
                0x00000000000001e0                LCD_MovCursor
                0x0000000000000222                LCD_FillSpaces
                0x000000000000025e                LCD_PutDec8
                0x000000000000032a                LCD_PutDec16
                0x00000000000004aa                LCD_PutChar
                0x00000000000004da                LCD_PutStr
                0x0000000000000538                LCD_SPIInit
                0x0000000000000556                LCD_Init
 .text          0x0000000000000850        0x0 /opt/local/lib/gcc/avr/4.9.1/avr51/libgcc.a(_exit.o)
 .text          0x0000000000000850        0x0 /opt/local/lib/gcc/avr/4.9.1/avr51/libgcc.a(_clear_bss.o)
                0x0000000000000850                . = ALIGN (0x2)
 *(.text.*)
 .text.startup  0x0000000000000850       0x22 test.o
                0x0000000000000850                main
 .text.libgcc.mul
                0x0000000000000872        0x0 /opt/local/lib/gcc/avr/4.9.1/avr51/libgcc.a(_exit.o)
 .text.libgcc.div
                0x0000000000000872        0x0 /opt/local/lib/gcc/avr/4.9.1/avr51/libgcc.a(_exit.o)
 .text.libgcc   0x0000000000000872        0x0 /opt/local/lib/gcc/avr/4.9.1/avr51/libgcc.a(_exit.o)
 .text.libgcc.prologue
                0x0000000000000872        0x0 /opt/local/lib/gcc/avr/4.9.1/avr51/libgcc.a(_exit.o)
 .text.libgcc.builtins
                0x0000000000000872        0x0 /opt/local/lib/gcc/avr/4.9.1/avr51/libgcc.a(_exit.o)
 .text.libgcc.fmul
                0x0000000000000872        0x0 /opt/local/lib/gcc/avr/4.9.1/avr51/libgcc.a(_exit.o)
 .text.libgcc.fixed
                0x0000000000000872        0x0 /opt/local/lib/gcc/avr/4.9.1/avr51/libgcc.a(_exit.o)
 .text.libgcc.mul
                0x0000000000000872        0x0 /opt/local/lib/gcc/avr/4.9.1/avr51/libgcc.a(_clear_bss.o)
 .text.libgcc.div
                0x0000000000000872        0x0 /opt/local/lib/gcc/avr/4.9.1/avr51/libgcc.a(_clear_bss.o)
 .text.libgcc   0x0000000000000872        0x0 /opt/local/lib/gcc/avr/4.9.1/avr51/libgcc.a(_clear_bss.o)
 .text.libgcc.prologue
                0x0000000000000872        0x0 /opt/local/lib/gcc/avr/4.9.1/avr51/libgcc.a(_clear_bss.o)
 .text.libgcc.builtins
                0x0000000000000872        0x0 /opt/local/lib/gcc/avr/4.9.1/avr51/libgcc.a(_clear_bss.o)
 .text.libgcc.fmul
                0x0000000000000872        0x0 /opt/local/lib/gcc/avr/4.9.1/avr51/libgcc.a(_clear_bss.o)
 .text.libgcc.fixed
                0x0000000000000872        0x0 /opt/local/lib/gcc/avr/4.9.1/avr51/libgcc.a(_clear_bss.o)
                0x0000000000000872                . = ALIGN (0x2)
 *(.fini9)
 .fini9         0x0000000000000872        0x0 /opt/local/lib/gcc/avr/4.9.1/avr51/libgcc.a(_exit.o)
                0x0000000000000872                exit
                0x0000000000000872                _exit
 *(.fini9)
 *(.fini8)
 *(.fini8)
 *(.fini7)
 *(.fini7)
 *(.fini6)
 *(.fini6)
 *(.fini5)
 *(.fini5)
 *(.fini4)
 *(.fini4)
 *(.fini3)
 *(.fini3)
 *(.fini2)
 *(.fini2)
 *(.fini1)
 *(.fini1)
 *(.fini0)
 .fini0         0x0000000000000872        0x4 /opt/local/lib/gcc/avr/4.9.1/avr51/libgcc.a(_exit.o)
 *(.fini0)
                0x0000000000000876                _etext = .

.data           0x0000000000800100        0x0 load address 0x0000000000000876
                0x0000000000800100                PROVIDE (__data_start, .)
 *(.data)
 .data          0x0000000000800100        0x0 /opt/local/lib/gcc/avr/4.9.1/../../../../avr/lib/avr51/crtm128.o
 .data          0x0000000000800100        0x0 test.o
 .data          0x0000000000800100        0x0 LCDDriver.o
 .data          0x0000000000800100        0x0 /opt/local/lib/gcc/avr/4.9.1/avr51/libgcc.a(_exit.o)
 .data          0x0000000000800100        0x0 /opt/local/lib/gcc/avr/4.9.1/avr51/libgcc.a(_clear_bss.o)
 *(.data*)
 *(.rodata)
 *(.rodata*)
 *(.gnu.linkonce.d*)
                0x0000000000800100                . = ALIGN (0x2)
                0x0000000000800100                _edata = .
                0x0000000000800100                PROVIDE (__data_end, .)

.bss            0x0000000000800100       0x10
                0x0000000000800100                PROVIDE (__bss_start, .)
 *(.bss)
 .bss           0x0000000000800100        0x0 /opt/local/lib/gcc/avr/4.9.1/../../../../avr/lib/avr51/crtm128.o
 .bss           0x0000000000800100        0x0 test.o
 .bss           0x0000000000800100        0x0 LCDDriver.o
 .bss           0x0000000000800100        0x0 /opt/local/lib/gcc/avr/4.9.1/avr51/libgcc.a(_exit.o)
 .bss           0x0000000000800100        0x0 /opt/local/lib/gcc/avr/4.9.1/avr51/libgcc.a(_clear_bss.o)
 *(.bss*)
 *(COMMON)
 COMMON         0x0000000000800100       0x10 LCDDriver.o
                0x0000000000800100                lcd_str
                0x0000000000800110                PROVIDE (__bss_end, .)
                0x0000000000000876                __data_load_start = LOADADDR (.data)
                0x0000000000000876                __data_load_end = (__data_load_start + SIZEOF (.data))

.noinit         0x0000000000800110        0x0
                0x0000000000800110                PROVIDE (__noinit_start, .)
 *(.noinit*)
                0x0000000000800110                PROVIDE (__noinit_end, .)
                0x0000000000800110                _end = .
                0x0000000000800110                PROVIDE (__heap_start, .)

.eeprom         0x0000000000810000        0x0
 *(.eeprom*)
                0x0000000000810000                __eeprom_end = .

.fuse
 *(.fuse)
 *(.lfuse)
 *(.hfuse)
 *(.efuse)

.lock
 *(.lock*)

.signature
 *(.signature*)

.stab           0x0000000000000000     0x1ce0
 *(.stab)
 .stab          0x0000000000000000      0x564 test.o
 .stab          0x0000000000000564     0x165c LCDDriver.o
                                       0x1824 (size before relaxing)
 .stab          0x0000000000001bc0       0x6c /opt/local/lib/gcc/avr/4.9.1/avr51/libgcc.a(_exit.o)
                                         0x78 (size before relaxing)
 .stab          0x0000000000001c2c       0xb4 /opt/local/lib/gcc/avr/4.9.1/avr51/libgcc.a(_clear_bss.o)
                                         0xc0 (size before relaxing)

.stabstr        0x0000000000000000      0xfb1
 *(.stabstr)
 .stabstr       0x0000000000000000      0xfb1 test.o

.stab.excl
 *(.stab.excl)

.stab.exclstr
 *(.stab.exclstr)

.stab.index
 *(.stab.index)

.stab.indexstr
 *(.stab.indexstr)

.comment        0x0000000000000000       0x11
 *(.comment)
 .comment       0x0000000000000000       0x11 test.o
                                         0x12 (size before relaxing)
 .comment       0x0000000000000000       0x12 LCDDriver.o

.note.gnu.build-id
 *(.note.gnu.build-id)

.debug
 *(.debug)

.line
 *(.line)

.debug_srcinfo
 *(.debug_srcinfo)

.debug_sfnames
 *(.debug_sfnames)

.debug_aranges
 *(.debug_aranges)

.debug_pubnames
 *(.debug_pubnames)

.debug_info     0x0000000000000000      0x780
 *(.debug_info .gnu.linkonce.wi.*)
 .debug_info    0x0000000000000000      0x780 /opt/local/lib/gcc/avr/4.9.1/../../../../avr/lib/avr51/crtm128.o

.debug_abbrev   0x0000000000000000      0x718
 *(.debug_abbrev)
 .debug_abbrev  0x0000000000000000      0x718 /opt/local/lib/gcc/avr/4.9.1/../../../../avr/lib/avr51/crtm128.o

.debug_line     0x0000000000000000       0x1d
 *(.debug_line .debug_line.* .debug_line_end)
 .debug_line    0x0000000000000000       0x1d /opt/local/lib/gcc/avr/4.9.1/../../../../avr/lib/avr51/crtm128.o

.debug_frame
 *(.debug_frame)

.debug_str      0x0000000000000000      0x27d
 *(.debug_str)
 .debug_str     0x0000000000000000      0x27d /opt/local/lib/gcc/avr/4.9.1/../../../../avr/lib/avr51/crtm128.o

.debug_loc
 *(.debug_loc)

.debug_macinfo
 *(.debug_macinfo)

.debug_weaknames
 *(.debug_weaknames)

.debug_funcnames
 *(.debug_funcnames)

.debug_typenames
 *(.debug_typenames)

.debug_varnames
 *(.debug_varnames)

.debug_pubtypes
 *(.debug_pubtypes)

.debug_ranges
 *(.debug_ranges)

.debug_macro
 *(.debug_macro)
OUTPUT(test.elf elf32-avr)
LOAD linker stubs
